> log s l2.txt
























MOTOROLA DSP56000 SIMULATOR:  VERSION 6.3.0 01-15-1999
log s l2.txt
Output log file:.\l2.txt
0>

asm    break    change    copy    device    disassemble    <space>=more
=====
> load p1.cld






















MOTOROLA DSP56000 SIMULATOR:  VERSION 6.3.0 01-15-1999
log s l2.txt
Output log file:.\l2.txt
load p1.cld
Loading file:.\p1.cld
0>

asm    break    change    copy    device    disassemble    <space>=more
=====
> display








MOTOROLA DSP56000 SIMULATOR:  VERSION 6.3.0 01-15-1999
log s l2.txt
Output log file:.\l2.txt
load p1.cld
Loading file:.\p1.cld
display
  x=       $000000000000 y=        $000000000000
  a=     $00000000000000 b=      $00000000000000
           x1=   $000000   x0=   $000000   r7=  $0000   n7=  $0000   m7=  $ffff
           y1=   $000000   y0=   $000000   r6=  $0000   n6=  $0000   m6=  $ffff
 a2=   $00 a1=   $000000   a0=   $000000   r5=  $0000   n5=  $0000   m5=  $ffff
 b2=   $00 b1=   $000000   b0=   $000000   r4=  $0000   n4=  $0000   m4=  $ffff
                                           r3=  $0000   n3=  $0000   m3=  $ffff
 pc= $0040    sr=  $0300  omr=       $02   r2=  $0000   n2=  $0000   m2=  $ffff
 la= $0000    lc=  $0000                   r1=  $0000   n1=  $0000   m1=  $ffff
ssh= $0000   ssl=  $0000   sp=       $00   r0=  $0000   n0=  $0000   m0=  $ffff
ipr= $0000   bcr=  $ffff
cyc=000000  ictr= 000000 cnt1=    000000 cnt2= 000000 cnt3= 000000 cnt4= 000000
p:$0040 300500        = move #$5,r0
0>

asm    break    change    copy    device    disassemble    <space>=more
=====
> reg






MOTOROLA DSP56000 SIMULATOR:  VERSION 6.3.0 01-15-1999
log s l2.txt
Output log file:.\l2.txt
load p1.cld
Loading file:.\p1.cld
display
  x=       $000000000000 y=        $000000000000
  a=     $00000000000000 b=      $00000000000000
           x1=   $000000   x0=   $000000   r7=  $0000   n7=  $0000   m7=  $ffff
           y1=   $000000   y0=   $000000   r6=  $0000   n6=  $0000   m6=  $ffff
 a2=   $00 a1=   $000000   a0=   $000000   r5=  $0000   n5=  $0000   m5=  $ffff
 b2=   $00 b1=   $000000   b0=   $000000   r4=  $0000   n4=  $0000   m4=  $ffff
                                           r3=  $0000   n3=  $0000   m3=  $ffff
 pc= $0040    sr=  $0300  omr=       $02   r2=  $0000   n2=  $0000   m2=  $ffff
 la= $0000    lc=  $0000                   r1=  $0000   n1=  $0000   m1=  $ffff
ssh= $0000   ssl=  $0000   sp=       $00   r0=  $0000   n0=  $0000   m0=  $ffff
ipr= $0000   bcr=  $ffff
cyc=000000  ictr= 000000 cnt1=    000000 cnt2= 000000 cnt3= 000000 cnt4= 000000
p:$0040 300500        = move #$5,r0
reg
Error opening macro file
0>

asm    break    change    copy    device    disassemble    <space>=more
=====
> step 3
           x1=   $000000   x0=   $000000   r7=  $0000   n7=  $0000   m7=  $ffff
           y1=   $000000   y0=   $000000   r6=  $0000   n6=  $0000   m6=  $ffff
 a2=   $00 a1=   $000000   a0=   $000000   r5=  $0000   n5=  $0000   m5=  $ffff
 b2=   $00 b1=   $000000   b0=   $000000   r4=  $0000   n4=  $0000   m4=  $ffff
                                           r3=  $0000   n3=  $0000   m3=  $ffff
 pc= $0040    sr=  $0300  omr=       $02   r2=  $0000   n2=  $0000   m2=  $ffff
 la= $0000    lc=  $0000                   r1=  $0000   n1=  $0000   m1=  $ffff
ssh= $0000   ssl=  $0000   sp=       $00   r0=  $0000   n0=  $0000   m0=  $ffff
ipr= $0000   bcr=  $ffff
cyc=000000  ictr= 000000 cnt1=    000000 cnt2= 000000 cnt3= 000000 cnt4= 000000
p:$0040 300500        = move #$5,r0
reg
Error opening macro file
step 3
  x=       $000000030000 y=        $000000000000
  a=     $00123456000000 b=      $00000000000000
           x1=   $000000   x0=   $030000   r7=  $0000   n7=  $0000   m7=  $ffff
           y1=   $000000   y0=   $000000   r6=  $0000   n6=  $0000   m6=  $ffff
 a2=   $00 a1=   $123456   a0=   $000000   r5=  $0000   n5=  $0000   m5=  $ffff
 b2=   $00 b1=   $000000   b0=   $000000   r4=  $0000   n4=  $0000   m4=  $ffff
                                           r3=  $0000   n3=  $0000   m3=  $ffff
 pc= $0044    sr=  $0300  omr=       $02   r2=  $0000   n2=  $0000   m2=  $ffff
 la= $0000    lc=  $0000                   r1=  $0000   n1=  $0000   m1=  $ffff
ssh= $0000   ssl=  $0000   sp=       $01   r0=  $0005   n0=  $0000   m0=  $ffff
ipr= $0000   bcr=  $ffff
cyc=000012  ictr= 000003 cnt1=    000000 cnt2= 000000 cnt3= 000000 cnt4= 000000
p:$0044 060480 000047 = do #<$4,$48 ; p:loop
0>

asm    break    change    copy    device    disassemble    <space>=more
=====
> display a
 b2=   $00 b1=   $000000   b0=   $000000   r4=  $0000   n4=  $0000   m4=  $ffff
                                           r3=  $0000   n3=  $0000   m3=  $ffff
 pc= $0040    sr=  $0300  omr=       $02   r2=  $0000   n2=  $0000   m2=  $ffff
 la= $0000    lc=  $0000                   r1=  $0000   n1=  $0000   m1=  $ffff
ssh= $0000   ssl=  $0000   sp=       $00   r0=  $0000   n0=  $0000   m0=  $ffff
ipr= $0000   bcr=  $ffff
cyc=000000  ictr= 000000 cnt1=    000000 cnt2= 000000 cnt3= 000000 cnt4= 000000
p:$0040 300500        = move #$5,r0
reg
Error opening macro file
step 3
  x=       $000000030000 y=        $000000000000
  a=     $00123456000000 b=      $00000000000000
           x1=   $000000   x0=   $030000   r7=  $0000   n7=  $0000   m7=  $ffff
           y1=   $000000   y0=   $000000   r6=  $0000   n6=  $0000   m6=  $ffff
 a2=   $00 a1=   $123456   a0=   $000000   r5=  $0000   n5=  $0000   m5=  $ffff
 b2=   $00 b1=   $000000   b0=   $000000   r4=  $0000   n4=  $0000   m4=  $ffff
                                           r3=  $0000   n3=  $0000   m3=  $ffff
 pc= $0044    sr=  $0300  omr=       $02   r2=  $0000   n2=  $0000   m2=  $ffff
 la= $0000    lc=  $0000                   r1=  $0000   n1=  $0000   m1=  $ffff
ssh= $0000   ssl=  $0000   sp=       $01   r0=  $0005   n0=  $0000   m0=  $ffff
ipr= $0000   bcr=  $ffff
cyc=000012  ictr= 000003 cnt1=    000000 cnt2= 000000 cnt3= 000000 cnt4= 000000
p:$0044 060480 000047 = do #<$4,$48 ; p:loop
display a
  a=     $00123456000000
p:$0044 060480 000047 = do #<$4,$48 ; p:loop
0>

asm    break    change    copy    device    disassemble    <space>=more
=====
> break pc==$45
                                           r3=  $0000   n3=  $0000   m3=  $ffff
 pc= $0040    sr=  $0300  omr=       $02   r2=  $0000   n2=  $0000   m2=  $ffff
 la= $0000    lc=  $0000                   r1=  $0000   n1=  $0000   m1=  $ffff
ssh= $0000   ssl=  $0000   sp=       $00   r0=  $0000   n0=  $0000   m0=  $ffff
ipr= $0000   bcr=  $ffff
cyc=000000  ictr= 000000 cnt1=    000000 cnt2= 000000 cnt3= 000000 cnt4= 000000
p:$0040 300500        = move #$5,r0
reg
Error opening macro file
step 3
  x=       $000000030000 y=        $000000000000
  a=     $00123456000000 b=      $00000000000000
           x1=   $000000   x0=   $030000   r7=  $0000   n7=  $0000   m7=  $ffff
           y1=   $000000   y0=   $000000   r6=  $0000   n6=  $0000   m6=  $ffff
 a2=   $00 a1=   $123456   a0=   $000000   r5=  $0000   n5=  $0000   m5=  $ffff
 b2=   $00 b1=   $000000   b0=   $000000   r4=  $0000   n4=  $0000   m4=  $ffff
                                           r3=  $0000   n3=  $0000   m3=  $ffff
 pc= $0044    sr=  $0300  omr=       $02   r2=  $0000   n2=  $0000   m2=  $ffff
 la= $0000    lc=  $0000                   r1=  $0000   n1=  $0000   m1=  $ffff
ssh= $0000   ssl=  $0000   sp=       $01   r0=  $0005   n0=  $0000   m0=  $ffff
ipr= $0000   bcr=  $ffff
cyc=000012  ictr= 000003 cnt1=    000000 cnt2= 000000 cnt3= 000000 cnt4= 000000
p:$0044 060480 000047 = do #<$4,$48 ; p:loop
display a
  a=     $00123456000000
p:$0044 060480 000047 = do #<$4,$48 ; p:loop
break pc==$45
0>

asm    break    change    copy    device    disassemble    <space>=more
=====
> go
 b2=   $00 b1=   $000000   b0=   $000000   r4=  $0000   n4=  $0000   m4=  $ffff
                                           r3=  $0000   n3=  $0000   m3=  $ffff
 pc= $0044    sr=  $0300  omr=       $02   r2=  $0000   n2=  $0000   m2=  $ffff
 la= $0000    lc=  $0000                   r1=  $0000   n1=  $0000   m1=  $ffff
ssh= $0000   ssl=  $0000   sp=       $01   r0=  $0005   n0=  $0000   m0=  $ffff
ipr= $0000   bcr=  $ffff
cyc=000012  ictr= 000003 cnt1=    000000 cnt2= 000000 cnt3= 000000 cnt4= 000000
p:$0044 060480 000047 = do #<$4,$48 ; p:loop
display a
  a=     $00123456000000
p:$0044 060480 000047 = do #<$4,$48 ; p:loop
break pc==$45
go
Break #1 pc==$45 h ;dev:0 pc:0044 cyc:14
  x=       $000000030000 y=        $000000000000
  a=     $00123456000000 b=      $00000000000000
           x1=   $000000   x0=   $030000   r7=  $0000   n7=  $0000   m7=  $ffff
           y1=   $000000   y0=   $000000   r6=  $0000   n6=  $0000   m6=  $ffff
 a2=   $00 a1=   $123456   a0=   $000000   r5=  $0000   n5=  $0000   m5=  $ffff
 b2=   $00 b1=   $000000   b0=   $000000   r4=  $0000   n4=  $0000   m4=  $ffff
                                           r3=  $0000   n3=  $0000   m3=  $ffff
 pc= $0047    sr=  $8300  omr=       $02   r2=  $0000   n2=  $0000   m2=  $ffff
 la= $0047    lc=  $0003                   r1=  $0000   n1=  $0000   m1=  $ffff
ssh= $0046   ssl=  $0300   sp=       $02   r0=  $0005   n0=  $0000   m0=  $ffff
ipr= $0000   bcr=  $ffff
cyc=000018  ictr= 000004 cnt1=    000000 cnt2= 000000 cnt3= 000000 cnt4= 000000
p:$0046 200040        = add x0,a
0>

asm    break    change    copy    device    disassemble    <space>=more
=====
> evaluate 3+4*5
 pc= $0044    sr=  $0300  omr=       $02   r2=  $0000   n2=  $0000   m2=  $ffff
 la= $0000    lc=  $0000                   r1=  $0000   n1=  $0000   m1=  $ffff
ssh= $0000   ssl=  $0000   sp=       $01   r0=  $0005   n0=  $0000   m0=  $ffff
ipr= $0000   bcr=  $ffff
cyc=000012  ictr= 000003 cnt1=    000000 cnt2= 000000 cnt3= 000000 cnt4= 000000
p:$0044 060480 000047 = do #<$4,$48 ; p:loop
display a
  a=     $00123456000000
p:$0044 060480 000047 = do #<$4,$48 ; p:loop
break pc==$45
go
Break #1 pc==$45 h ;dev:0 pc:0044 cyc:14
  x=       $000000030000 y=        $000000000000
  a=     $00123456000000 b=      $00000000000000
           x1=   $000000   x0=   $030000   r7=  $0000   n7=  $0000   m7=  $ffff
           y1=   $000000   y0=   $000000   r6=  $0000   n6=  $0000   m6=  $ffff
 a2=   $00 a1=   $123456   a0=   $000000   r5=  $0000   n5=  $0000   m5=  $ffff
 b2=   $00 b1=   $000000   b0=   $000000   r4=  $0000   n4=  $0000   m4=  $ffff
                                           r3=  $0000   n3=  $0000   m3=  $ffff
 pc= $0047    sr=  $8300  omr=       $02   r2=  $0000   n2=  $0000   m2=  $ffff
 la= $0047    lc=  $0003                   r1=  $0000   n1=  $0000   m1=  $ffff
ssh= $0046   ssl=  $0300   sp=       $02   r0=  $0005   n0=  $0000   m0=  $ffff
ipr= $0000   bcr=  $ffff
cyc=000018  ictr= 000004 cnt1=    000000 cnt2= 000000 cnt3= 000000 cnt4= 000000
p:$0046 200040        = add x0,a
evaluate 3+4*5
 Hex:000017 Uns:00023 Fract:2.741814e-006 Bin:000000000000000000010111
0>

asm    break    change    copy    device    disassemble    <space>=more
=====
> eval $ff
ssh= $0000   ssl=  $0000   sp=       $01   r0=  $0005   n0=  $0000   m0=  $ffff
ipr= $0000   bcr=  $ffff
cyc=000012  ictr= 000003 cnt1=    000000 cnt2= 000000 cnt3= 000000 cnt4= 000000
p:$0044 060480 000047 = do #<$4,$48 ; p:loop
display a
  a=     $00123456000000
p:$0044 060480 000047 = do #<$4,$48 ; p:loop
break pc==$45
go
Break #1 pc==$45 h ;dev:0 pc:0044 cyc:14
  x=       $000000030000 y=        $000000000000
  a=     $00123456000000 b=      $00000000000000
           x1=   $000000   x0=   $030000   r7=  $0000   n7=  $0000   m7=  $ffff
           y1=   $000000   y0=   $000000   r6=  $0000   n6=  $0000   m6=  $ffff
 a2=   $00 a1=   $123456   a0=   $000000   r5=  $0000   n5=  $0000   m5=  $ffff
 b2=   $00 b1=   $000000   b0=   $000000   r4=  $0000   n4=  $0000   m4=  $ffff
                                           r3=  $0000   n3=  $0000   m3=  $ffff
 pc= $0047    sr=  $8300  omr=       $02   r2=  $0000   n2=  $0000   m2=  $ffff
 la= $0047    lc=  $0003                   r1=  $0000   n1=  $0000   m1=  $ffff
ssh= $0046   ssl=  $0300   sp=       $02   r0=  $0005   n0=  $0000   m0=  $ffff
ipr= $0000   bcr=  $ffff
cyc=000018  ictr= 000004 cnt1=    000000 cnt2= 000000 cnt3= 000000 cnt4= 000000
p:$0046 200040        = add x0,a
evaluate 3+4*5
 Hex:000017 Uns:00023 Fract:2.741814e-006 Bin:000000000000000000010111
evaluate $ff
 Hex:0000ff Uns:00255 Fract:3.039837e-005 Bin:000000000000000011111111
0>

asm    break    change    copy    device    disassemble    <space>=more
=====
> change x:$10 $77
ipr= $0000   bcr=  $ffff
cyc=000012  ictr= 000003 cnt1=    000000 cnt2= 000000 cnt3= 000000 cnt4= 000000
p:$0044 060480 000047 = do #<$4,$48 ; p:loop
display a
  a=     $00123456000000
p:$0044 060480 000047 = do #<$4,$48 ; p:loop
break pc==$45
go
Break #1 pc==$45 h ;dev:0 pc:0044 cyc:14
  x=       $000000030000 y=        $000000000000
  a=     $00123456000000 b=      $00000000000000
           x1=   $000000   x0=   $030000   r7=  $0000   n7=  $0000   m7=  $ffff
           y1=   $000000   y0=   $000000   r6=  $0000   n6=  $0000   m6=  $ffff
 a2=   $00 a1=   $123456   a0=   $000000   r5=  $0000   n5=  $0000   m5=  $ffff
 b2=   $00 b1=   $000000   b0=   $000000   r4=  $0000   n4=  $0000   m4=  $ffff
                                           r3=  $0000   n3=  $0000   m3=  $ffff
 pc= $0047    sr=  $8300  omr=       $02   r2=  $0000   n2=  $0000   m2=  $ffff
 la= $0047    lc=  $0003                   r1=  $0000   n1=  $0000   m1=  $ffff
ssh= $0046   ssl=  $0300   sp=       $02   r0=  $0005   n0=  $0000   m0=  $ffff
ipr= $0000   bcr=  $ffff
cyc=000018  ictr= 000004 cnt1=    000000 cnt2= 000000 cnt3= 000000 cnt4= 000000
p:$0046 200040        = add x0,a
evaluate 3+4*5
 Hex:000017 Uns:00023 Fract:2.741814e-006 Bin:000000000000000000010111
evaluate $ff
 Hex:0000ff Uns:00255 Fract:3.039837e-005 Bin:000000000000000011111111
change x:$10 $77
0>

asm    break    change    copy    device    disassemble    <space>=more
=====
> display x:$10..$12
display a
  a=     $00123456000000
p:$0044 060480 000047 = do #<$4,$48 ; p:loop
break pc==$45
go
Break #1 pc==$45 h ;dev:0 pc:0044 cyc:14
  x=       $000000030000 y=        $000000000000
  a=     $00123456000000 b=      $00000000000000
           x1=   $000000   x0=   $030000   r7=  $0000   n7=  $0000   m7=  $ffff
           y1=   $000000   y0=   $000000   r6=  $0000   n6=  $0000   m6=  $ffff
 a2=   $00 a1=   $123456   a0=   $000000   r5=  $0000   n5=  $0000   m5=  $ffff
 b2=   $00 b1=   $000000   b0=   $000000   r4=  $0000   n4=  $0000   m4=  $ffff
                                           r3=  $0000   n3=  $0000   m3=  $ffff
 pc= $0047    sr=  $8300  omr=       $02   r2=  $0000   n2=  $0000   m2=  $ffff
 la= $0047    lc=  $0003                   r1=  $0000   n1=  $0000   m1=  $ffff
ssh= $0046   ssl=  $0300   sp=       $02   r0=  $0005   n0=  $0000   m0=  $ffff
ipr= $0000   bcr=  $ffff
cyc=000018  ictr= 000004 cnt1=    000000 cnt2= 000000 cnt3= 000000 cnt4= 000000
p:$0046 200040        = add x0,a
evaluate 3+4*5
 Hex:000017 Uns:00023 Fract:2.741814e-006 Bin:000000000000000000010111
evaluate $ff
 Hex:0000ff Uns:00255 Fract:3.039837e-005 Bin:000000000000000011111111
change x:$10 $77
display x:$10..$12
x:$0010=        $000077        $000000        $000000
p:$0046 200040        = add x0,a
0>

asm    break    change    copy    device    disassemble    <space>=more
=====
> disassemble p:$40..$48
           x1=   $000000   x0=   $030000   r7=  $0000   n7=  $0000   m7=  $ffff
           y1=   $000000   y0=   $000000   r6=  $0000   n6=  $0000   m6=  $ffff
 a2=   $00 a1=   $123456   a0=   $000000   r5=  $0000   n5=  $0000   m5=  $ffff
 b2=   $00 b1=   $000000   b0=   $000000   r4=  $0000   n4=  $0000   m4=  $ffff
                                           r3=  $0000   n3=  $0000   m3=  $ffff
 pc= $0047    sr=  $8300  omr=       $02   r2=  $0000   n2=  $0000   m2=  $ffff
 la= $0047    lc=  $0003                   r1=  $0000   n1=  $0000   m1=  $ffff
ssh= $0046   ssl=  $0300   sp=       $02   r0=  $0005   n0=  $0000   m0=  $ffff
ipr= $0000   bcr=  $ffff
cyc=000018  ictr= 000004 cnt1=    000000 cnt2= 000000 cnt3= 000000 cnt4= 000000
p:$0046 200040        = add x0,a
evaluate 3+4*5
 Hex:000017 Uns:00023 Fract:2.741814e-006 Bin:000000000000000000010111
evaluate $ff
 Hex:0000ff Uns:00255 Fract:3.039837e-005 Bin:000000000000000011111111
change x:$10 $77
display x:$10..$12
x:$0010=        $000077        $000000        $000000
p:$0046 200040        = add x0,a
disassemble p:$40..$48
p:$0040 300500        = move #$5,r0
p:$0041 56f400 123456 = move #>$123456,a
p:$0043 240300        = move #$3,x0
p:$0044 060480 000047 = do #<$4,$48 ; p:loop
p:$0046 200040        = add x0,a
p:$0047 000009        = dc $9
p:$0048 000000        = nop
0>

asm    break    change    copy    device    disassemble    <space>=more
=====
> where
                                           r3=  $0000   n3=  $0000   m3=  $ffff
 pc= $0047    sr=  $8300  omr=       $02   r2=  $0000   n2=  $0000   m2=  $ffff
 la= $0047    lc=  $0003                   r1=  $0000   n1=  $0000   m1=  $ffff
ssh= $0046   ssl=  $0300   sp=       $02   r0=  $0005   n0=  $0000   m0=  $ffff
ipr= $0000   bcr=  $ffff
cyc=000018  ictr= 000004 cnt1=    000000 cnt2= 000000 cnt3= 000000 cnt4= 000000
p:$0046 200040        = add x0,a
evaluate 3+4*5
 Hex:000017 Uns:00023 Fract:2.741814e-006 Bin:000000000000000000010111
evaluate $ff
 Hex:0000ff Uns:00255 Fract:3.039837e-005 Bin:000000000000000011111111
change x:$10 $77
display x:$10..$12
x:$0010=        $000077        $000000        $000000
p:$0046 200040        = add x0,a
disassemble p:$40..$48
p:$0040 300500        = move #$5,r0
p:$0041 56f400 123456 = move #>$123456,a
p:$0043 240300        = move #$3,x0
p:$0044 060480 000047 = do #<$4,$48 ; p:loop
p:$0046 200040        = add x0,a
p:$0047 000009        = dc $9
p:$0048 000000        = nop
where
C error: internal error, please report (file cdbbt.c, line 1064)
==> #0  p:0x46 in start ()
    #1  p:0x0 in ??? ()
0>

asm    break    change    copy    device    disassemble    <space>=more
=====
> radix h
 pc= $0047    sr=  $8300  omr=       $02   r2=  $0000   n2=  $0000   m2=  $ffff
 la= $0047    lc=  $0003                   r1=  $0000   n1=  $0000   m1=  $ffff
ssh= $0046   ssl=  $0300   sp=       $02   r0=  $0005   n0=  $0000   m0=  $ffff
ipr= $0000   bcr=  $ffff
cyc=000018  ictr= 000004 cnt1=    000000 cnt2= 000000 cnt3= 000000 cnt4= 000000
p:$0046 200040        = add x0,a
evaluate 3+4*5
 Hex:000017 Uns:00023 Fract:2.741814e-006 Bin:000000000000000000010111
evaluate $ff
 Hex:0000ff Uns:00255 Fract:3.039837e-005 Bin:000000000000000011111111
change x:$10 $77
display x:$10..$12
x:$0010=        $000077        $000000        $000000
p:$0046 200040        = add x0,a
disassemble p:$40..$48
p:$0040 300500        = move #$5,r0
p:$0041 56f400 123456 = move #>$123456,a
p:$0043 240300        = move #$3,x0
p:$0044 060480 000047 = do #<$4,$48 ; p:loop
p:$0046 200040        = add x0,a
p:$0047 000009        = dc $9
p:$0048 000000        = nop
where
C error: internal error, please report (file cdbbt.c, line 1064)
==> #0  p:0x46 in start ()
    #1  p:0x0 in ??? ()
radix h
0>

asm    break    change    copy    device    disassemble    <space>=more
=====
> history
 Hex:000017 Uns:00023 Fract:2.741814e-006 Bin:000000000000000000010111
evaluate $ff
 Hex:0000ff Uns:00255 Fract:3.039837e-005 Bin:000000000000000011111111
change x:$10 $77
display x:$10..$12
x:$0010=        $000077        $000000        $000000
p:$0046 200040        = add x0,a
disassemble p:$40..$48
p:$0040 300500        = move #$5,r0
p:$0041 56f400 123456 = move #>$123456,a
p:$0043 240300        = move #$3,x0
p:$0044 060480 000047 = do #<$4,$48 ; p:loop
p:$0046 200040        = add x0,a
p:$0047 000009        = dc $9
p:$0048 000000        = nop
where
C error: internal error, please report (file cdbbt.c, line 1064)
==> #0  p:0x46 in start ()
    #1  p:0x0 in ??? ()
radix h
history
P:$0040 000000 = nop
P:$0040 300500 = move #$5,r0
P:$0041 56f400 123456 = move #>$123456,a
P:$0043 240300 = move #$3,x0
P:$0044 060480 000047 = do #<$4,$48
P:$0046 200040 = add x0,a
0>

asm    break    change    copy    device    disassemble    <space>=more
=====
> log off
evaluate $ff
 Hex:0000ff Uns:00255 Fract:3.039837e-005 Bin:000000000000000011111111
change x:$10 $77
display x:$10..$12
x:$0010=        $000077        $000000        $000000
p:$0046 200040        = add x0,a
disassemble p:$40..$48
p:$0040 300500        = move #$5,r0
p:$0041 56f400 123456 = move #>$123456,a
p:$0043 240300        = move #$3,x0
p:$0044 060480 000047 = do #<$4,$48 ; p:loop
p:$0046 200040        = add x0,a
p:$0047 000009        = dc $9
p:$0048 000000        = nop
where
C error: internal error, please report (file cdbbt.c, line 1064)
==> #0  p:0x46 in start ()
    #1  p:0x0 in ??? ()
radix h
history
P:$0040 000000 = nop
P:$0040 300500 = move #$5,r0
P:$0041 56f400 123456 = move #>$123456,a
P:$0043 240300 = move #$3,x0
P:$0044 060480 000047 = do #<$4,$48
P:$0046 200040 = add x0,a
log off
0>

asm    break    change    copy    device    disassemble    <space>=more
=====
> quit

=====
rc=0
